// Jest Snapshot v1, https://goo.gl/fbAQLP

exports[`<Cabecera /> renderiza correctamente 1`] = `
<DocumentFragment>
  <div>
    <h1
      class="header"
      data-testid="h1tag"
    >
      adios
    </h1>
    <p
      data-testid="pCont"
    >
      0
    </p>
    <button>
      Incrementa
    </button>
  </div>
</DocumentFragment>
`;
